ASxxxx Linker V03.00 + NoICE + sdld,  page 1.
Hexadecimal  [32-Bits]

Area                                    Addr        Size        Decimal Bytes (Attributes)
--------------------------------        ----        ----        ------- ----- ------------
.  .ABS.                            00000000    00000000 =           0. bytes (ABS,CON)

      Value  Global                              Global Defined In Module
      -----  --------------------------------   ------------------------
     00000000  .__.ABS.                           cpct_video
     00000000  .__.CPU.                           Entity_Manager
     00000000  .__.H$L.                           Entity_Manager
     00000000  FW_BLACK                           cpct_keyboard
     00000000  HW_WHITE                           cpct_keyboard
     00000000  PAL_PENR                           cpct_keyboard
     00000000  cpct_page00_asm                    cpct_keyboard
     00000000  e_cmps                             Entity_Manager
     00000000  e_cmps_invalid                     Entity_Manager
     00000000  e_type_mainchar                    Entity_Manager
     00000000  l__CABS                         
     00000000  l__DABS                         
     00000000  l__DATA                         
     00000000  l__GSFINAL                      
     00000000  l__GSINIT                       
     00000000  l__HOME                         
     00000000  l__INITIALIZED                  
     00000000  l__INITIALIZER                  
     00000000  s__CABS                         
     00000000  s__DABS                         
     00000001  FW_BLUE                            cpct_keyboard
     00000001  e_type_enemy                       Entity_Manager
     00000001  e_x                                Entity_Manager
     00000002  FW_BRIGHT_BLUE                     cpct_keyboard
     00000002  HW_SEA_GREEN                       cpct_keyboard
     00000002  e_type_floor                       Entity_Manager
     00000002  e_y                                Entity_Manager
     00000003  FW_RED                             cpct_keyboard
     00000003  HW_PASTEL_YELLOW                   cpct_keyboard
     00000003  e_cmps_render_bit                  Entity_Manager
     00000003  e_type_bullet                      Entity_Manager
     00000003  e_vx                               Entity_Manager
     00000004  FW_MAGENTA                         cpct_keyboard
     00000004  HW_BLUE                            cpct_keyboard
     00000004  e_cmps_physics_bit                 Entity_Manager
     00000004  e_vy                               Entity_Manager
     00000005  FW_MAUVE                           cpct_keyboard
     00000005  HW_PURPLE                          cpct_keyboard
     00000005  e_cmps_input_bit                   Entity_Manager
     00000005  e_color                            Entity_Manager
     00000006  FW_BRIGHT_RED                      cpct_keyboard
     00000006  HW_CYAN                            cpct_keyboard
     00000006  e_cmps_position_bit                Entity_Manager
     00000006  e_type                             Entity_Manager
     00000007  FW_PURPLE                          cpct_keyboard
     00000007  HW_PINK                            cpct_keyboard
     00000007  e_cmps_alive_bit                   Entity_Manager
     00000007  e_prv_ptr                          Entity_Manager
     00000008  FW_BRIGHT_MAGENTA                  cpct_keyboard
     00000008  e_cmps_render                      Entity_Manager
ASxxxx Linker V03.00 + NoICE + sdld,  page 2.
Hexadecimal  [32-Bits]

Area                                    Addr        Size        Decimal Bytes (Attributes)
--------------------------------        ----        ----        ------- ----- ------------
.  .ABS.                            00000000    00000000 =           0. bytes (ABS,CON)

      Value  Global                              Global Defined In Module
      -----  --------------------------------   ------------------------
     00000009  FW_GREEN                           cpct_keyboard
     00000009  sizeof_e                           Entity_Manager
     0000000A  FW_CYAN                            cpct_keyboard
     0000000A  HW_BRIGHT_YELLOW                   cpct_keyboard
     0000000B  FW_SKY_BLUE                        cpct_keyboard
     0000000B  HW_BRIGHT_WHITE                    cpct_keyboard
     0000000C  FW_YELLOW                          cpct_keyboard
     0000000C  HW_BRIGHT_RED                      cpct_keyboard
     0000000D  FW_WHITE                           cpct_keyboard
     0000000D  HW_BRIGHT_MAGENTA                  cpct_keyboard
     0000000E  FW_PASTEL_BLUE                     cpct_keyboard
     0000000E  HW_ORANGE                          cpct_keyboard
     0000000F  FW_ORANGE                          cpct_keyboard
     0000000F  HW_PASTEL_MAGENTA                  cpct_keyboard
     00000010  FW_PINK                            cpct_keyboard
     00000010  cpct_page40_asm                    cpct_keyboard
     00000010  e_cmps_physics                     Entity_Manager
     00000011  FW_PASTEL_MAGENTA                  cpct_keyboard
     00000012  FW_BRIGHT_GREEN                    cpct_keyboard
     00000012  HW_BRIGHT_GREEN                    cpct_keyboard
     00000013  FW_SEA_GREEN                       cpct_keyboard
     00000013  HW_BRIGHT_CYAN                     cpct_keyboard
     00000014  FW_BRIGHT_CYAN                     cpct_keyboard
     00000014  HW_BLACK                           cpct_keyboard
     00000015  FW_LIME                            cpct_keyboard
     00000015  HW_BRIGHT_BLUE                     cpct_keyboard
     00000016  FW_PASTEL_GREEN                    cpct_keyboard
     00000016  HW_GREEN                           cpct_keyboard
     00000016  opc_LD_D                           cpct_keyboard
     00000017  FW_PASTEL_CYAN                     cpct_keyboard
     00000017  HW_SKY_BLUE                        cpct_keyboard
     00000018  FW_BRIGHT_YELLOW                   cpct_keyboard
     00000018  HW_MAGENTA                         cpct_keyboard
     00000018  opc_JR                             cpct_keyboard
     00000019  FW_PASTEL_YELLOW                   cpct_keyboard
     00000019  HW_PASTEL_GREEN                    cpct_keyboard
     0000001A  FW_BRIGHT_WHITE                    cpct_keyboard
     0000001A  HW_LIME                            cpct_keyboard
     0000001B  HW_PASTEL_CYAN                     cpct_keyboard
     0000001C  HW_RED                             cpct_keyboard
     0000001D  HW_MAUVE                           cpct_keyboard
     0000001E  HW_YELLOW                          cpct_keyboard
     0000001F  HW_PASTEL_BLUE                     cpct_keyboard
     00000020  cpct_page80_asm                    cpct_keyboard
     00000020  e_cmps_input                       Entity_Manager
     00000030  cpct_pageC0_asm                    cpct_keyboard
     00000040  PAL_INKR                           cpct_keyboard
     00000040  e_cmps_position                    Entity_Manager
     00000064  max_entities                       Entity_Manager
     0000007F  GA_port_byte                       cpct_keyboard
     00000080  e_cmps_alive                       Entity_Manager
ASxxxx Linker V03.00 + NoICE + sdld,  page 3.
Hexadecimal  [32-Bits]

Area                                    Addr        Size        Decimal Bytes (Attributes)
--------------------------------        ----        ----        ------- ----- ------------
.  .ABS.                            00000000    00000000 =           0. bytes (ABS,CON)

      Value  Global                              Global Defined In Module
      -----  --------------------------------   ------------------------
     000000BC  CRTC_SELECTREG                     cpct_keyboard
     000000BD  CRTC_SETVAL                        cpct_keyboard
     000000F3  opc_DI                             cpct_keyboard
     000000F5  PPI_PORT_B                         cpct_keyboard
     000000F8  cmps                               cpct_keyboard
     000000FB  opc_EI                             cpct_keyboard
     000000FF  e_cmps_default                     Entity_Manager
     00000100  Key_CursorUp                       cpct_keyboard
     00000101  Key_CursorLeft                     cpct_keyboard
     00000102  Key_Clr                            cpct_keyboard
     00000103  Key_Caret                          cpct_keyboard
     00000104  Key_0                              cpct_keyboard
     00000105  Key_8                              cpct_keyboard
     00000106  Joy1_Up                            cpct_keyboard
     00000106  Key_6                              cpct_keyboard
     00000107  Key_4                              cpct_keyboard
     00000108  Key_1                              cpct_keyboard
     00000109  Joy0_Up                            cpct_keyboard
     00000200  Key_CursorRight                    cpct_keyboard
     00000201  Key_Copy                           cpct_keyboard
     00000202  Key_OpenBracket                    cpct_keyboard
     00000203  Key_Hyphen                         cpct_keyboard
     00000204  Key_9                              cpct_keyboard
     00000205  Key_7                              cpct_keyboard
     00000206  Joy1_Down                          cpct_keyboard
     00000206  Key_5                              cpct_keyboard
     00000207  Key_3                              cpct_keyboard
     00000208  Key_2                              cpct_keyboard
     00000209  Joy0_Down                          cpct_keyboard
     00000400  Key_CursorDown                     cpct_keyboard
     00000401  Key_F7                             cpct_keyboard
     00000402  Key_Return                         cpct_keyboard
     00000403  Key_At                             cpct_keyboard
     00000404  Key_O                              cpct_keyboard
     00000405  Key_U                              cpct_keyboard
     00000406  Joy1_Left                          cpct_keyboard
     00000406  Key_R                              cpct_keyboard
     00000407  Key_E                              cpct_keyboard
     00000408  Key_Esc                            cpct_keyboard
     00000409  Joy0_Left                          cpct_keyboard
     0000065C  l__CODE                         
     00000800  Key_F9                             cpct_keyboard
     00000801  Key_F8                             cpct_keyboard
     00000802  Key_CloseBracket                   cpct_keyboard
     00000803  Key_P                              cpct_keyboard
     00000804  Key_I                              cpct_keyboard
     00000805  Key_Y                              cpct_keyboard
     00000806  Joy1_Right                         cpct_keyboard
     00000806  Key_T                              cpct_keyboard
     00000807  Key_W                              cpct_keyboard
     00000808  Key_Q                              cpct_keyboard
ASxxxx Linker V03.00 + NoICE + sdld,  page 4.
Hexadecimal  [32-Bits]

Area                                    Addr        Size        Decimal Bytes (Attributes)
--------------------------------        ----        ----        ------- ----- ------------
.  .ABS.                            00000000    00000000 =           0. bytes (ABS,CON)

      Value  Global                              Global Defined In Module
      -----  --------------------------------   ------------------------
     00000809  Joy0_Right                         cpct_keyboard
     00001000  Key_F6                             cpct_keyboard
     00001001  Key_F5                             cpct_keyboard
     00001002  Key_F4                             cpct_keyboard
     00001003  Key_SemiColon                      cpct_keyboard
     00001004  Key_L                              cpct_keyboard
     00001005  Key_H                              cpct_keyboard
     00001006  Joy1_Fire1                         cpct_keyboard
     00001006  Key_G                              cpct_keyboard
     00001007  Key_S                              cpct_keyboard
     00001008  Key_Tab                            cpct_keyboard
     00001009  Joy0_Fire1                         cpct_keyboard
     00002000  Key_F3                             cpct_keyboard
     00002001  Key_F1                             cpct_keyboard
     00002002  Key_Shift                          cpct_keyboard
     00002003  Key_Colon                          cpct_keyboard
     00002004  Key_K                              cpct_keyboard
     00002005  Key_J                              cpct_keyboard
     00002006  Joy1_Fire2                         cpct_keyboard
     00002006  Key_F                              cpct_keyboard
     00002007  Key_D                              cpct_keyboard
     00002008  Key_A                              cpct_keyboard
     00002009  Joy0_Fire2                         cpct_keyboard
     00002710  .__.$$$.                           Entity_Manager
     00004000  Key_Enter                          cpct_keyboard
     00004000  s__CODE                         
     00004001  Key_F2                             cpct_keyboard
     00004002  Key_BackSlash                      cpct_keyboard
     00004003  Key_Slash                          cpct_keyboard
     00004004  Key_M                              cpct_keyboard
     00004005  Key_N                              cpct_keyboard
     00004006  Joy1_Fire3                         cpct_keyboard
     00004006  Key_B                              cpct_keyboard
     00004007  Key_C                              cpct_keyboard
     00004008  Key_CapsLock                       cpct_keyboard
     00004009  Joy0_Fire3                         cpct_keyboard
     0000465C  s__DATA                         
     0000465C  s__GSFINAL                      
     0000465C  s__GSINIT                       
     0000465C  s__HOME                         
     0000465C  s__INITIALIZED                  
     0000465C  s__INITIALIZER                  
     00007F00  GA_port                            cpct_keyboard
     00008000  Key_FDot                           cpct_keyboard
     00008001  Key_F0                             cpct_keyboard
     00008002  Key_Control                        cpct_keyboard
     00008003  Key_Dot                            cpct_keyboard
     00008004  Key_Comma                          cpct_keyboard
     00008005  Key_Space                          cpct_keyboard
     00008006  Key_V                              cpct_keyboard
     00008007  Key_X                              cpct_keyboard
ASxxxx Linker V03.00 + NoICE + sdld,  page 5.
Hexadecimal  [32-Bits]

Area                                    Addr        Size        Decimal Bytes (Attributes)
--------------------------------        ----        ----        ------- ----- ------------
.  .ABS.                            00000000    00000000 =           0. bytes (ABS,CON)

      Value  Global                              Global Defined In Module
      -----  --------------------------------   ------------------------
     00008008  Key_Z                              cpct_keyboard
     00008009  Key_Del                            cpct_keyboard
     0000C000  CPCT_VMEM_START_ASM                cpct_keyboard

ASxxxx Linker V03.00 + NoICE + sdld,  page 6.
Hexadecimal  [32-Bits]

Area                                    Addr        Size        Decimal Bytes (Attributes)
--------------------------------        ----        ----        ------- ----- ------------
_CODE                               00004000    0000065C =        1628. bytes (REL,CON)

      Value  Global                              Global Defined In Module
      -----  --------------------------------   ------------------------
     00004000  _main_palette                      main_palette
     00004010  mainchar_entity                    cpct_keyboard
     00004017  enemy_entity                       cpct_keyboard
     0000401E  _main                              cpct_keyboard
     0000402D  loop                               cpct_keyboard
     0000403B  keyactions                         cpct_keyboard
     00004051  key_left_action                    cpct_keyboard
     00004056  key_right_action                   cpct_keyboard
     0000405B  key_up_action                      cpct_keyboard
     00004060  key_down_action                    cpct_keyboard
     00004065  key_space_action                   cpct_keyboard
     00004066  sys_physics_keyboard               cpct_keyboard
     00004072  nextkey                            cpct_keyboard
     00004090  sys_physics_update                 cpct_keyboard
     00004099  sys_update_bullets                 cpct_keyboard
     000040AE  phy_update_forone                  cpct_keyboard
     000040C9  sys_render_update                  Entity_Manager
     000040D2  sys_render_forone                  Entity_Manager
     000040F9  sys_render_wait                    Entity_Manager
     000040FB  halts                              Entity_Manager
     00004101  next_free_entity                   Entity_Manager
     00004103  num_entities                       Entity_Manager
     00004104  array_entities                     Entity_Manager
     00004488  man_entity_init                    Entity_Manager
     00004489  man_entity_create                  Entity_Manager
     000044A0  skip_ce                            Entity_Manager
     000044A1  man_entity_destroy                 Entity_Manager
     000044A2  function_for_all                   Entity_Manager
     000044A4  count                              Entity_Manager
     000044A5  man_entity_forall                  Entity_Manager
     000044B0  loop_forall                        Entity_Manager
     000044BC  afterjp                            Entity_Manager
     000044C8  final                              Entity_Manager
     000044CC  man_entity_forall_matching         Entity_Manager
     000044D7  loop_forall_matching               Entity_Manager
     000044E3  continue                           Entity_Manager
     000044EB  afterjp_matching                   Entity_Manager
     000044F8  final_matching                     Entity_Manager
     000044FC  man_entity_forall_pairs_matching   Entity_Manager
     000044FD  man_entity_get_from_idx            Entity_Manager
     000044FE  man_entity_set4destruction         Entity_Manager
     000044FF  man_entity_update                  Entity_Manager
     00004500  man_entity_increase_num            Entity_Manager
     00004508  man_entity_decrease_num            Entity_Manager
     00004510  increase_free_entity               Entity_Manager
     0000451B  man_entity_first_entity            Entity_Manager
     00004522  cpct_setPalette_asm                cpct_video
     00004535  _cpct_isKeyPressed                 cpct_keyboard
     00004535  cpct_isKeyPressed_asm              cpct_keyboard
     00004541  _cpct_keyboardStatusBuffer         cpct_keyboard
ASxxxx Linker V03.00 + NoICE + sdld,  page 7.
Hexadecimal  [32-Bits]

Area                                    Addr        Size        Decimal Bytes (Attributes)
--------------------------------        ----        ----        ------- ----- ------------
_CODE                               00004000    0000065C =        1628. bytes (REL,CON)

      Value  Global                              Global Defined In Module
      -----  --------------------------------   ------------------------
     0000454B  cpct_setVideoMode_asm              cpct_video
     00004558  _cpct_waitVSYNC                    cpct_video
     00004558  cpct_waitVSYNC_asm                 cpct_video
     00004560  cpct_memcpy_asm                    cpct_memutils
     00004563  _cpct_disableFirmware              cpct_firmware
     00004563  _cpct_removeInterruptHandler       cpct_firmware
     00004563  cpct_disableFirmware_asm           cpct_firmware
     00004563  cpct_removeInterruptHandler_asm    cpct_firmware
     00004573  cpct_drawSolidBox_asm              cpct_sprites
     00004616  _cpct_mode_rom_status              cpct_firmware
     00004617  _cpct_scanKeyboard                 cpct_keyboard
     00004617  cpct_scanKeyboard_asm              cpct_keyboard
     00004648  cpct_getScreenPtr_asm              cpct_video
ASxxxx Linker V03.00 + NoICE + sdld,  page 8.

Files Linked                              [ module(s) ]

obj/assets/main_palette.rel               [ main_palette ]
obj/main.rel                              [ cpct_keyboard ]
obj/system/physics.rel                    [ cpct_keyboard ]
obj/system/render.rel                     [ Entity_Manager ]
obj/manager/entities.h.rel                [ Entity_Manager ]
obj/manager/entities.rel                  [ Entity_Manager ]


Libraries Linked                          [ object file ]

/home/ivan/Escritorio/V1/cpctelera/cpctelera/cpctelera.lib
                                          [ cpct_setPalette_asmbindings.rel ]
/home/ivan/Escritorio/V1/cpctelera/cpctelera/cpctelera.lib
                                          [ cpct_isKeyPressed.rel ]
/home/ivan/Escritorio/V1/cpctelera/cpctelera/cpctelera.lib
                                          [ keyboard.rel ]
/home/ivan/Escritorio/V1/cpctelera/cpctelera/cpctelera.lib
                                          [ cpct_setVideoMode_asmbindings.re ]
/home/ivan/Escritorio/V1/cpctelera/cpctelera/cpctelera.lib
                                          [ cpct_waitVSYNC.rel ]
/home/ivan/Escritorio/V1/cpctelera/cpctelera/cpctelera.lib
                                          [ cpct_memcpy_asmbindings.rel ]
/home/ivan/Escritorio/V1/cpctelera/cpctelera/cpctelera.lib
                                          [ cpct_removeInterruptHandler.rel ]
/home/ivan/Escritorio/V1/cpctelera/cpctelera/cpctelera.lib
                                          [ cpct_drawSolidBox_asmbindings.re ]
/home/ivan/Escritorio/V1/cpctelera/cpctelera/cpctelera.lib
                                          [ cpc_mode_rom_status.rel ]
/home/ivan/Escritorio/V1/cpctelera/cpctelera/cpctelera.lib
                                          [ cpct_scanKeyboard.rel ]
/home/ivan/Escritorio/V1/cpctelera/cpctelera/cpctelera.lib
                                          [ cpct_getScreenPtr_asmbindings.re ]

ASxxxx Linker V03.00 + NoICE + sdld,  page 9.

User Base Address Definitions

_CODE = 0x4000
_DATA = 0x0000

